<html>
<body>
<pre>
<h1>礦ision Build Log</h1>
<h2>Tool Versions:</h2>
IDE-Version: μVision V5.16.0.0
Copyright (C) 2015 ARM Ltd and ARM Germany GmbH. All rights reserved.
License Information: xindong FWR, DESKTOP-BJE2SVA, LIC=BUURA-1PLPD-WFVI7-EID4S-T15V8-QSPF8
 
Tool Versions:
Toolchain:       MDK-ARM Standard  Version: 5.16.0.0
Toolchain Path:  D:\DXX\Software\kEIL\ARM\ARMCC\Bin
C Compiler:      Armcc.exe V5.06 (build 20)
Assembler:       Armasm.exe V5.06 (build 20)
Linker/Locator:  ArmLink.exe V5.06 (build 20)
Library Manager: ArmAr.exe V5.06 (build 20)
Hex Converter:   FromElf.exe V5.06 (build 20)
CPU DLL:         SARMCM3.DLL V5.16.0.0
Dialog DLL:      DCM.DLL V1.13.2.0
Target DLL:      STLink\ST-LINKIII-KEIL_SWO.dll V2.0.17.0
Dialog DLL:      TCM.DLL V1.14.5.0
 
<h2>Project:</h2>
F:\DXX\fwr\Learning\（标准库版本，适合探索者STM32F407开发板）扩展实验21 ATK-VL53L0X模块实验\（标准库版本，适合探索者STM32F407开发板）扩展实验21 ATK-VL53L0X模块实验\USER\VL53L0X.uvprojx
Project File Date:  07/24/2017

<h2>Output:</h2>
*** Using Compiler 'V5.06 (build 20)', folder: 'D:\DXX\Software\kEIL\ARM\ARMCC\Bin'
Build target 'VL53L0X'
compiling vl53l0x_gen.c...
..\HARDWARE\VL53L0X\Demo\vl53l0x_gen.c(121): warning:  #177-D: variable "key" was declared but never referenced
  	u8 key=0;
..\HARDWARE\VL53L0X\Demo\vl53l0x_gen.c(185): warning:  #177-D: variable "key" was declared but never referenced
  	u8 key=0;
..\HARDWARE\VL53L0X\Demo\vl53l0x_gen.c(187): warning:  #177-D: variable "mode" was declared but never referenced
  	u8 mode=0;
..\HARDWARE\VL53L0X\Demo\vl53l0x_gen.c: 3 warnings, 0 errors
linking...
Program Size: Code=52030 RO-data=6846 RW-data=1148 ZI-data=2444  
FromELF: creating hex file...
"..\OBJ\VL53L0X.axf" - 0 Error(s), 3 Warning(s).

<h2>Collection of Component include folders:</h2>
  F:\DXX\fwr\Learning\（标准库版本，适合探索者STM32F407开发板）扩展实验21 ATK-VL53L0X模块实验\（标准库版本，适合探索者STM32F407开发板）扩展实验21 ATK-VL53L0X模块实验\USER\RTE
  D:\DXX\Software\kEIL\ARM\PACK\Keil\STM32F4xx_DFP\2.7.0\Drivers\CMSIS\Device\ST\STM32F4xx\Include

<h2>Collection of Component Files used:</h2>
Build Time Elapsed:  00:00:04
</pre>
</body>
</html>
